alagumeena@ekgaon-server:/usr/nfs/Trainee/alagumeena$ ssh muthunivas@192.168.1.64
muthunivas@192.168.1.64's password: 
Welcome to Ubuntu 14.04.3 LTS (GNU/Linux 3.19.0-39-generic i686)

 * Documentation:  https://help.ubuntu.com/

New release '16.04.2 LTS' available.
Run 'do-release-upgrade' to upgrade to it.

*** /dev/sda1 will be checked for errors at next reboot ***

Last login: Thu Jul 13 09:38:03 2017
ssh$ ssh root@205.147.103.71
-sh: 1: sshssh: not found
$ ssh root@205.147.103.71
Enter passphrase for key '/usr/muthunivas/.ssh/id_rsa': 
Last login: Wed Jul 12 17:15:56 2017 from 45.248.6.215
[root@e2e-16-71 ~]# df -h
Filesystem      Size  Used Avail Use% Mounted on
/dev/xvda       211G  167G   34G  84% /
tmpfs           7.1G   16K  7.1G   1% /dev/shm
tmpfs           1.0G     0  1.0G   0% /var/tmp
[root@e2e-16-71 ~]# cd /home/microfinance/public_html/agrov2
[root@e2e-16-71 agrov2]# cd /home/ekgaon/public_html/
[root@e2e-16-71 public_html]# ls
54.255.189.163June29-2017backup     nohup.out
a1.txt                              onefarm
apc.php                             onemis
Attendance1.php                     pacs
Attendance_common.php               pgbak
Attendance_HO-old-08-08-14.php      pgbak1
Attendance_HO.php                   phpinfo.php
Attendance_MANDLA-old-08-08-14.php  phpmyadmin
Attendance_MANDLA.php               phpmyadminstopworking
Attendance-old-08-08-14.php         phppgadmin
Attendance_old.php                  phppgadmin.tar
Attendance.php                      pp
a.txt                               public_html.tar.gz
cemartco_sjdt.sqlJan14-2017.tar.gz  sakhdarpan
crons                               sewa_demo
ekgaonshop                          shop
ekgaonshoppartner                   sjdtbakMay31-2016bkDec20-2016.tar.gz
ekshop                              sjdtbakSep20-2016.tar.gz
ekshop1                             sjdtmbt
ekshoppartner                       sjdtMBT1bkDec20-2016.tar.gz
ekshopwrong                         sjdtmbtAug2-2016bk.tar.gz
functions                           sjdtmbt_julybkDec20-2016.tar.gz
functions_backup_11.11.15.tar.gz    sjdtmbt_new
functionsFeb9-2016.tar.gz           sjdtmbtoct22-2016.tar.gz
functions.tar                       sjdtmbt.tar.gz
hh                                  sjdtmbtwrongbkDec20-2016.tar.gz
htaccessbak                         ssltestmail1.php
index.php                           ssltestmail.php
index.phpp                          stats
invoice                             svn1
invoicebak                          sync
invoice.txt                         taskshe
janhit                              tasksheet
janhit.tar                          testmail1.php
janhittest                          testmail.php
kk                                  tt.txt
leave_application                   valaraditiscreenshotMay18-2016.tar.gz
mantis                              webmail
Member_3434.xls                     wkhtmltopdf
[root@e2e-16-71 public_html]# cd /home
[root@e2e-16-71 home]# ls
amarah         ekgaon        microfinance1  rudisandeshavyavhar
amarahbak      ekgaonnet     mockbuild      rudisandeshavyavharbak
amoha          enable        muthunivas     shalomgardens
amoha.inbak    heritage      onepeople      sjdt
cec            indulge       opinionpoll    southasiachronicle
cemart         mailwatch     palmaresource  test
db_repository  microfinance  pwds.tar       villageherbs
[root@e2e-16-71 home]# cd ekgaon/public_html/sjdt
-bash: cd: ekgaon/public_html/sjdt: No such file or directory
[root@e2e-16-71 home]# cd ekgaon/public_html/
[root@e2e-16-71 public_html]# cd sjdt
-bash: cd: sjdt: No such file or directory
[root@e2e-16-71 public_html]# pwd
/home/ekgaon/public_html
[root@e2e-16-71 public_html]# cd onemis/
[root@e2e-16-71 onemis]# ls
180_latest_import.php
a1.txt
admin
agree_status.php
apc.php
ARN Queries11.docx
assets
a.txt
branch
branch_ledger_table.php
complete_mail
crons
css
data-mining
delete
delete_client.php
delete_ledger_table.php
delete_mis.php
delete_rosca1.php
delete_rosca.php
delete_voucher_one.php
delete_voucher_voucher.php
download.php
ek-microfin-logo.png
email-bak1.php
error_fixed_phpfile
fieldofficer
files
gry
GU_Exception_Report.xls
gufinance_name.php
head
head_office_correction.php
head_office_payment.php
HM
htaccessbaknow
img
img.php
includes
index1.php
index_23_02_2016.php
index---me.php
index.php
initrd.img
interface.php
js
ledger.php
member_equifax_highmark(5).xls
modules
mysqlemailbak.sh--------old
new
new_delete.php
new_loan_repayment.php
nohup.out
OneMIS_-_Online_MIS_Application_for_Microfinance_Institutions_-_2017-04-06_09.55.05.png
OneMIS - Online MIS Application for Microfinance Institutions.pdf
OneMIS-SJDT-User-Manual.pdf
ovedue_diff.php
phpinfo.php
receipt_voucher_update.php
rosca
scripts
sign
sjdt
sqlfiles
style
tab
terms.php
tmp
update_loandisburse.php
wkhtmltopdf-amd64
[root@e2e-16-71 onemis]# cd ..
[root@e2e-16-71 public_html]# clear

[root@e2e-16-71 public_html]# ls
54.255.189.163June29-2017backup     nohup.out
a1.txt                              onefarm
apc.php                             onemis
Attendance1.php                     pacs
Attendance_common.php               pgbak
Attendance_HO-old-08-08-14.php      pgbak1
Attendance_HO.php                   phpinfo.php
Attendance_MANDLA-old-08-08-14.php  phpmyadmin
Attendance_MANDLA.php               phpmyadminstopworking
Attendance-old-08-08-14.php         phppgadmin
Attendance_old.php                  phppgadmin.tar
Attendance.php                      pp
a.txt                               public_html.tar.gz
cemartco_sjdt.sqlJan14-2017.tar.gz  sakhdarpan
crons                               sewa_demo
ekgaonshop                          shop
ekgaonshoppartner                   sjdtbakMay31-2016bkDec20-2016.tar.gz
ekshop                              sjdtbakSep20-2016.tar.gz
ekshop1                             sjdtmbt
ekshoppartner                       sjdtMBT1bkDec20-2016.tar.gz
ekshopwrong                         sjdtmbtAug2-2016bk.tar.gz
functions                           sjdtmbt_julybkDec20-2016.tar.gz
functions_backup_11.11.15.tar.gz    sjdtmbt_new
functionsFeb9-2016.tar.gz           sjdtmbtoct22-2016.tar.gz
functions.tar                       sjdtmbt.tar.gz
hh                                  sjdtmbtwrongbkDec20-2016.tar.gz
htaccessbak                         ssltestmail1.php
index.php                           ssltestmail.php
index.phpp                          stats
invoice                             svn1
invoicebak                          sync
invoice.txt                         taskshe
janhit                              tasksheet
janhit.tar                          testmail1.php
janhittest                          testmail.php
kk                                  tt.txt
leave_application                   valaraditiscreenshotMay18-2016.tar.gz
mantis                              webmail
Member_3434.xls                     wkhtmltopdf
[root@e2e-16-71 public_html]# cd sjdt
sjdtbakMay31-2016bkDec20-2016.tar.gz  sjdtmbt_julybkDec20-2016.tar.gz
sjdtbakSep20-2016.tar.gz              sjdtmbt_new/
sjdtmbt/                              sjdtmbtoct22-2016.tar.gz
sjdtMBT1bkDec20-2016.tar.gz           sjdtmbt.tar.gz
sjdtmbtAug2-2016bk.tar.gz             sjdtmbtwrongbkDec20-2016.tar.gz
[root@e2e-16-71 public_html]# cd sjdtmbt
[root@e2e-16-71 sjdtmbt]# ls
180_latest_import.php       includes.tar
about.php                   index1.php
admin                       index_23_02_2016.php
agree_status.php            index---me.php
ajax_demo.php               index.php
apc.php                     index_sjdt.php
application                 initrd.img
branch                      interface.php
branch_ledger_table.php     js
branch.tar                  login_details.txt
complete_mail               logout.php
config                      l.png
contact.php                 m-bg.jpg
crons                       modules
crons_sjdtmbt               modules.tar
css                         mysqlemailbak.sh--------old
data-mining                 new
delete                      new_delete.php
delete_ledger_table.php     new_loan_repayment.php
delete_mis.php              nivo
delete_voucher_one.php      OneMIS-SJDT-User-Manual.pdf
delete_voucher_voucher.php  rosca
demo.php                    r.png
download.php                scripts
email-bak1.php              session_check.php
fb                          settings.php
fieldofficer                sign
files                       sjdt
footer_new.php              Social-Share
footer.php                  sqlfiles
forum                       start.php
functions                   style
gry                         superadmin
head                        support.php
header_demo.css             tab
header_new.php              terms.php
header.php                  themes
head_office_correction.php  themes1
head_office_payment.php     tmp
he.jpg                      web_email_format
img                         webthemes
img.php                     wkhtmltopdf-amd64
includes
[root@e2e-16-71 sjdtmbt]# cd includes/
[root@e2e-16-71 includes]# nano dbconnect.php 
[root@e2e-16-71 includes]# cd ..
[root@e2e-16-71 sjdtmbt]# cd ..
[root@e2e-16-71 public_html]# ls -l|grep sjdtmbt
drwxrwxrwx 38 ekgaon            ekgaon             4096 Dec  1  2016 sjdtmbt
-rw-r--r--  1 root              root           91333855 Aug  2  2016 sjdtmbtAug2-2016bk.tar.gz
-rw-r--r--  1 root              root           85317461 Dec 20  2016 sjdtmbt_julybkDec20-2016.tar.gz
drwxrwxrwx 38 root              root               4096 Dec  1  2016 sjdtmbt_new
-rw-r--r--  1 root              root          118470461 Oct 22  2016 sjdtmbtoct22-2016.tar.gz
-rw-r--r--  1 root              root         1754876823 Apr  8  2016 sjdtmbt.tar.gz
-rw-r--r--  1 root              root         1754919720 Dec 20  2016 sjdtmbtwrongbkDec20-2016.tar.gz
[root@e2e-16-71 public_html]# chown -R sjdtmbt:sjdtmbt sjdtmbt
[root@e2e-16-71 public_html]# pwd
/home/ekgaon/public_html
[root@e2e-16-71 public_html]# cd sjdtmbt
[root@e2e-16-71 sjdtmbt]# cd includes
[root@e2e-16-71 includes]# nano dbconnect.php 
[root@e2e-16-71 includes]# cd ..
[root@e2e-16-71 sjdtmbt]# cd sup
superadmin/  support.php  
[root@e2e-16-71 sjdtmbt]# cd superadmin/
[root@e2e-16-71 superadmin]# ls
agree_status.php   dash_footer.php      db_fetch.php    loader.php   start.php
dashboard_one.php  dash_header_one.php  footer.php      logout.php
dashboard.php      dash_header.php      header_new.php  reports
dashboard_two.php  db_connect.php       header.php      session.php
[root@e2e-16-71 superadmin]# nano db_connect.php 
[root@e2e-16-71 superadmin]# nano db_connect.php 
[root@e2e-16-71 superadmin]# nano db_connect.php 
[root@e2e-16-71 superadmin]# grep -H -R "Cannot connect Ekgaon Client Database" /home/ekgaon/public_html/
/home/ekgaon/public_html/sjdtmbt_new/superadmin/db_connect.php:$link_ekgaon_global = mysql_connect($ekgaon_global_host, $ekgaon_global_database_username, $ekgaon_global_database_password) or die("Cannot connect Ekgaon Client Database");
/home/ekgaon/public_html/sjdtmbt_new/config/database_connection.php:$link_ekgaon_global = mysql_connect($ekgaon_global_host, $ekgaon_global_database_username, $ekgaon_global_database_password) or die("Cannot connect Ekgaon Client Database");
/home/ekgaon/public_html/sjdtmbt/superadmin/db_connect.php:$link_ekgaon_global = mysql_connect($ekgaon_global_host, $ekgaon_global_database_username, $ekgaon_global_database_password) or die("Cannot connect Ekgaon Client Database");
/home/ekgaon/public_html/sjdtmbt/config/database_connection.php:$link_ekgaon_global = mysql_connect($ekgaon_global_host, $ekgaon_global_database_username, $ekgaon_global_database_password) or die("Cannot connect Ekgaon Client Database");
^C
[root@e2e-16-71 superadmin]# cd ..
[root@e2e-16-71 sjdtmbt]# cd config
[root@e2e-16-71 config]# nano database_connection.php 
[root@e2e-16-71 config]# ^C
[root@e2e-16-71 config]# nano database_connection.php 
[root@e2e-16-71 config]# nano database_connection.php 
[root@e2e-16-71 config]# nano database_connection.php 
[root@e2e-16-71 config]# cd ..
[root@e2e-16-71 sjdtmbt]# cd ..
[root@e2e-16-71 public_html]# mv sjdtmbt /home/microfinance/public_html
[root@e2e-16-71 public_html]# cd /home/ekgaon/public_html/
[root@e2e-16-71 public_html]# mv sjdtmbt_new /home/microfinance/public_html
[root@e2e-16-71 public_html]# cd sjdtmbt_ne
-bash: cd: sjdtmbt_ne: No such file or directory
[root@e2e-16-71 public_html]# cd sjdtmbt_new
-bash: cd: sjdtmbt_new: No such file or directory
[root@e2e-16-71 public_html]# pwd
/home/ekgaon/public_html
[root@e2e-16-71 public_html]# cd /home/microfinance/public_html
[root@e2e-16-71 public_html]# cd sjdtmbt_new/
[root@e2e-16-71 sjdtmbt_new]# cd superadmin/
[root@e2e-16-71 superadmin]# ls
agree_status.php   dash_footer.php      db_fetch.php    loader.php   start.php
dashboard_one.php  dash_header_one.php  footer.php      logout.php
dashboard.php      dash_header.php      header_new.php  reports
dashboard_two.php  db_connect.php       header.php      session.php
[root@e2e-16-71 superadmin]# nano db_connect.php 
[root@e2e-16-71 superadmin]# pwd
/home/microfinance/public_html/sjdtmbt_new/superadmin
[root@e2e-16-71 superadmin]# cd ..
[root@e2e-16-71 sjdtmbt_new]# cd includes/dbconnect.php 
-bash: cd: includes/dbconnect.php: Not a directory
[root@e2e-16-71 sjdtmbt_new]# nano includes/dbconnect.php 
[root@e2e-16-71 sjdtmbt_new]# pwd
/home/microfinance/public_html/sjdtmbt_new
[root@e2e-16-71 sjdtmbt_new]# cd con
config/      contact.php  
[root@e2e-16-71 sjdtmbt_new]# cd config/
[root@e2e-16-71 config]# nano database_connection.php 
[root@e2e-16-71 config]# cd ..
[root@e2e-16-71 sjdtmbt_new]# cd superadmin/
[root@e2e-16-71 superadmin]# ls
agree_status.php   dash_footer.php      db_fetch.php    loader.php   start.php
dashboard_one.php  dash_header_one.php  footer.php      logout.php
dashboard.php      dash_header.php      header_new.php  reports
dashboard_two.php  db_connect.php       header.php      session.php
[root@e2e-16-71 superadmin]# nano db_connect.php 
[root@e2e-16-71 superadmin]# exit
logout
Connection to 205.147.103.71 closed.
$ exit
Connection to 192.168.1.64 closed.
alagumeena@ekgaon-server:/usr/nfs/Trainee/alagumeena$ e
rudisandeshavyavhar

http://205.147.103.71:10000/mysql/root_form.cgi

http://205.147.103.71/pacs/pacs/plaregistration/PlaRegistration/salecropnewbar
http://www.microfinance.in/index/application/branch/view/index.php
http://205.147.103.71/invoice/invoice_report.php
http://205.147.103.71/onemis/branch/index.php

http://205.147.103.71/phppgadmin/
http://microfinance.in/phpmyadmin/

http://205.147.103.71/phppgadmin/
http://phppgadmin.sourceforge.net/
http://microfinance.in/phpmyadmin/
http://onefarm.ekgaon.com/ pacsmanager pacsmanager
http://www.artfulsoftware.com/infotree/queries.php
https://www.youtube.com/watch?v=1ItudXGjLpM
https://twitteroauth.com/

yii web services ==yii & webservice working

yii authendication define ===>which path only display purpose

usr_id get  ===useridenty.php geting way

user_type get ===useridenty.php geting way

entha table login check & defince  ====>one files

component folder ->user Identity ==>defalut define the value

login user how to get session 

has belongs & manymore belongs

yii extends  ====>pdf,excel,slider etc

yii relation which place define ==>modules define the foreign key

user table relation epati define   ==>modules define the foreign key

epati request get ==>chtml & cativerecords module wise

module validate epati define ==>rules

password edit how to recovery not ==> requeired,oninsert ==>scenrio

scennarios purpose ===>particular action restrict

helper class own writ (encrpty &decrpty) --->own class defined
